Sur la Base de Données db:pg:ocolis-sqitch
Déploiement 056a099f901a58cdc4649f0c9e2c80f8c870093d
Nom :             init
Committer :       AgathePons <student@teleporter>
Date :            2022-02-21 13:23:52 +0100

    create tables

Annulation 056a099f901a58cdc4649f0c9e2c80f8c870093d
Nom :             init
Committer :       AgathePons <student@teleporter>
Date :            2022-02-21 13:20:12 +0100

    create tables

Déploiement 056a099f901a58cdc4649f0c9e2c80f8c870093d
Nom :             init
Committer :       AgathePons <student@teleporter>
Date :            2022-02-21 12:07:53 +0100

    create tables

